// Jest Snapshot v1, https://goo.gl/fbAQLP

exports[`Stopwatch renders correctly 1`] = `
<main
  className="Stopwatch"
>
  <Nav />
  <div
    className="Stopwatch__Container"
  >
    <TimeDisplay
      time={0}
    />
    <ControllerButtons
      onClear={[Function]}
      onPause={[Function]}
      onStart={[Function]}
    />
    <MessageBoard />
  </div>
</main>
`;
