// Jest Snapshot v1, https://goo.gl/fbAQLP

exports[`Stopwatch renders correctly 1`] = `
<main
  className="Stopwatch"
>
  <Nav />
  <div
    m={3}
    offset="m2 l4"
    s={12}
  >
    <div
      className="Stopwatch__Card"
      textClassName="black-text"
    >
      <h3
        className="Stopwatch__Count"
      >
        00:00:00:00
      </h3>
      <ControllerButtons
        onClear={[Function]}
        onPause={[Function]}
        onStart={[Function]}
      />
    </div>
  </div>
  <MessageBoard />
</main>
`;
