// Jest Snapshot v1, https://goo.gl/fbAQLP

exports[`Stopwatch renders correctly 1`] = `
<Row
  className="Stopwatch"
>
  <Col>
    <Nav />
  </Col>
  <Col
    m={3}
    offset="m2 l4"
    s={12}
  >
    <Card
      className="Stopwatch__Card"
      textClassName="black-text"
    >
      <h3
        className="Stopwatch__Heading"
      >
        CloudWatch
      </h3>
      <h3
        className="Stopwatch__Count"
      >
        00:00:00:00
      </h3>
      <div
        className="Stopwatch__ButtonsContainer"
      >
        <Button
          className="Stopwatch__StartBtn green"
          id="stopwatch-start"
          node="button"
          onClick={[Function]}
          waves="light"
        >
          Start
        </Button>
        <Button
          className="Stopwatch__StopBtn red"
          id="stopwatch-pause"
          node="button"
          onClick={[Function]}
          waves="light"
        >
          Pause
        </Button>
        <Button
          className="Stopwatch__ClearBtn yellow darken-3"
          id="stopwatch-clear"
          node="button"
          onClick={[Function]}
          waves="light"
        >
          Clear
        </Button>
      </div>
    </Card>
  </Col>
  <MessageBoard />
</Row>
`;
