// Jest Snapshot v1, https://goo.gl/fbAQLP

exports[`Adjudst Timer Button Group renders correctly 1`] = `
<tr
  className="AdjustTimerButtonGroup"
>
  <td>
    <div>
      <Button
        className="AdjustTimerButtonGroup__PlusBtn blue"
        id="hours-increase"
        node="button"
        onClick={[Function]}
      >
        +
      </Button>
      <Button
        className="AdjustTimerButtonGroup__MinusBtn blue"
        id="hours-decrease"
        node="button"
        onClick={[Function]}
      >
        -
      </Button>
    </div>
  </td>
  <td>
    <div>
      <Button
        className="AdjustTimerButtonGroup__PlusBtn blue"
        id="minutes-increase"
        node="button"
        onClick={[Function]}
      >
        +
      </Button>
      <Button
        className="AdjustTimerButtonGroup__MinusBtn blue"
        id="minutes-decrease"
        node="button"
        onClick={[Function]}
      >
        -
      </Button>
    </div>
  </td>
  <td>
    <div>
      <Button
        className="AdjustTimerButtonGroup__PlusBtn blue"
        id="seconds-increase"
        node="button"
        onClick={[Function]}
        waves="light"
      >
        +
      </Button>
      <Button
        className="AdjustTimerButtonGroup__MinusBtn blue"
        id="seconds-decrease"
        node="button"
        onClick={[Function]}
      >
        -
      </Button>
    </div>
  </td>
</tr>
`;
