// Jest Snapshot v1, https://goo.gl/fbAQLP

exports[`Adjudst Timer Button Group renders correctly 1`] = `
<div
  className="AdjustTimerButtonGroup"
>
  <div
    className="Timer__HoursAdjustBtn__Container"
  >
    <i
      className="fas fa-angle-up AdjustTimerButtonGroup__PlusBtn"
      id="hours-increase"
      onClick={[Function]}
    />
    <i
      className="fas fa-angle-down AdjustTimerButtonGroup__MinusBtn"
      id="hours-decrease"
      onClick={[Function]}
    />
  </div>
  <div
    className="Timer__MinutesAdjustBtn__Container"
  >
    <i
      className="fas fa-angle-up AdjustTimerButtonGroup__PlusBtn"
      id="minutes-increase"
      onClick={[Function]}
    />
    <i
      className="fas fa-angle-down AdjustTimerButtonGroup__MinusBtn"
      id="minutes-decrease"
      onClick={[Function]}
    />
  </div>
  <div
    className="Timer__SecondsAdjustBtn__Container"
  >
    <i
      className="fas fa-angle-up AdjustTimerButtonGroup__PlusBtn"
      id="seconds-increase"
      onClick={[Function]}
    />
    <i
      className="fas fa-angle-down AdjustTimerButtonGroup__MinusBtn"
      id="seconds-decrease"
      onClick={[Function]}
    />
  </div>
</div>
`;
