// Jest Snapshot v1, https://goo.gl/fbAQLP

exports[`Timer renders correctly 1`] = `
<Timer
  decreaseHours={[Function]}
  decreaseMinutes={[Function]}
  decreaseSeconds={[Function]}
  handleDismiss={[Function]}
  increaseHours={[Function]}
  increaseMinutes={[Function]}
  increaseSeconds={[Function]}
  onClear={[Function]}
  onPause={[Function]}
  onStart={[Function]}
  startClicked={false}
  timeRemaining={0}
/>
`;
