// Jest Snapshot v1, https://goo.gl/fbAQLP

exports[`Timer renders correctly 1`] = `
<Row>
  <TimerLayout
    clearTimer={[Function]}
    decreaseHours={[Function]}
    decreaseMinutes={[Function]}
    decreaseSeconds={[Function]}
    handleDismiss={[Function]}
    increaseHours={[Function]}
    increaseMinutes={[Function]}
    increaseSeconds={[Function]}
    pauseTimer={[Function]}
    startClicked={false}
    startTimer={[Function]}
    timeRemaining={0}
  />
</Row>
`;
