// Jest Snapshot v1, https://goo.gl/fbAQLP

exports[`MessageBoard checks whether the user is coming from /timer or /stopwatch 1`] = `
<div
  className="MessageBoard__Input"
>
  <MessageOutput
    onPresent={[Function]}
    onSubmit={[Function]}
  />
  <MessageOutput
    message="test message"
    onDismiss={[Function]}
  />
</div>
`;

exports[`MessageBoard checks whether the user is coming from /timer or /stopwatch 2`] = `
<div
  className="MessageBoard__Input"
>
  <MessageOutput
    onPresent={[Function]}
    onSubmit={[Function]}
  />
  <MessageOutput
    message="test message"
    onDismiss={[Function]}
  />
</div>
`;
