// Jest Snapshot v1, https://goo.gl/fbAQLP

exports[`MessageBoard checks whether the user is coming from /timer or /stopwatch 1`] = `
<div
  className="MessageBoard__Input"
>
  <MessageOutput
    handleDismiss={[Function]}
    message="test message"
    showMessage={false}
  />
  <MessageOutput
    onChange={[Function]}
    onPresent={[Function]}
    onSubmit={[Function]}
  />
  <MessageOutput
    handleDismiss={[Function]}
    message="test message"
    showMessage={true}
  />
</div>
`;

exports[`MessageBoard checks whether the user is coming from /timer or /stopwatch 2`] = `
<div
  className="MessageBoard__Input"
>
  <MessageOutput
    handleDismiss={[Function]}
    message="test message"
    showMessage={false}
  />
  <MessageOutput
    onChange={[Function]}
    onPresent={[Function]}
    onSubmit={[Function]}
  />
  <MessageOutput
    handleDismiss={[Function]}
    message="test message"
    showMessage={true}
  />
</div>
`;
