// Jest Snapshot v1, https://goo.gl/fbAQLP

exports[`ControllerButtons renders correctly 1`] = `
<div
  className="ControllerButtons"
>
  <button
    className="ControllerBtn__Start"
    id="timer-start"
    onClick={[Function]}
    waves="light"
  >
    Start
  </button>
  <button
    className="ControllerBtn__Pause"
    id="timer-pause"
    onClick={[Function]}
    waves="light"
  >
    Pause
  </button>
  <button
    className="ControllerBtn__Clear"
    id="timer-clear"
    onClick={[Function]}
    waves="light"
  >
    Clear
  </button>
</div>
`;
