// Jest Snapshot v1, https://goo.gl/fbAQLP

exports[`Stopwatch renders correctly 1`] = `
<Row>
  <Col
    m={3}
    offset="m2 l4"
    s={12}
  >
    <Card
      className="white parent-container"
      textClassName="black-text"
    >

      <div
        className="card-content black-text"
      >
        <div>
          <h3>
            CloudWatch
          </h3>
          <h3>
            00:00:00:00
          </h3>
          <div
            className="parent-container"
          >
            <button
              className="btn waves-effect waves-light green timer-btn"
              disabled={false}
              onClick={[Function]}
            >
              Start
            </button>
            <button
              className="btn waves-effect waves-light red timer-btn"
              disabled={false}
              onClick={[Function]}
            >
              Pause
            </button>
            <button
              className="btn waves-effect waves-light yellow darken-3 timer-btn timer-clear"
              disabled={false}
              onClick={[Function]}
            >
              Clear
            </button>
          </div>
        </div>
      </div>
      <div
        className="card-reveal"
      >
        <span
          className="card-title grey-text text-darken-4"
        >
          Clear
        </Button>
      </div>
    </Card>
  </Col>
</Row>
`;
